<?xml version="1.0" encoding="ISO-8859-1" ?>
<link_info>
   <banner>TI ARM Linker PC v18.1.4.LTS</banner>
   <copyright>Copyright (c) 1996-2018 Texas Instruments Incorporated</copyright>
   <link_time>0x5eb23d8a</link_time>
   <link_errors>0x0</link_errors>
   <output_file>Ethernet_Project_6314.out</output_file>
   <entry_point>
      <name>_c_int00_noargs</name>
      <address>0x5ead</address>
   </entry_point>
   <input_file_list>
      <input_file id="fl-2">
         <path>.\</path>
         <kind>object</kind>
         <file>eth0.obj</file>
         <name>eth0.obj</name>
      </input_file>
      <input_file id="fl-3">
         <path>.\</path>
         <kind>object</kind>
         <file>ethernet.obj</file>
         <name>ethernet.obj</name>
      </input_file>
      <input_file id="fl-4">
         <path>.\</path>
         <kind>object</kind>
         <file>gpio.obj</file>
         <name>gpio.obj</name>
      </input_file>
      <input_file id="fl-5">
         <path>.\</path>
         <kind>object</kind>
         <file>shell.obj</file>
         <name>shell.obj</name>
      </input_file>
      <input_file id="fl-6">
         <path>.\</path>
         <kind>object</kind>
         <file>spi0.obj</file>
         <name>spi0.obj</name>
      </input_file>
      <input_file id="fl-7">
         <path>.\</path>
         <kind>object</kind>
         <file>tm4c123gh6pm_startup_ccs.obj</file>
         <name>tm4c123gh6pm_startup_ccs.obj</name>
      </input_file>
      <input_file id="fl-8">
         <path>.\</path>
         <kind>object</kind>
         <file>uart0.obj</file>
         <name>uart0.obj</name>
      </input_file>
      <input_file id="fl-9">
         <path>.\</path>
         <kind>object</kind>
         <file>wait.obj</file>
         <name>wait.obj</name>
      </input_file>
      <input_file id="fl-d">
         <kind>object</kind>
         <file>&lt;internal&gt;</file>
         <name>&lt;internal&gt;</name>
      </input_file>
      <input_file id="fl-c3">
         <path>C:\ti\ccsv8\tools\compiler\ti-cgt-arm_18.1.4.LTS\lib\</path>
         <kind>archive</kind>
         <file>rtsv7M4_T_le_v4SPD16_eabi.lib</file>
         <name>fd_cmp_t2.asm.obj</name>
      </input_file>
      <input_file id="fl-c4">
         <path>C:\ti\ccsv8\tools\compiler\ti-cgt-arm_18.1.4.LTS\lib\</path>
         <kind>archive</kind>
         <file>rtsv7M4_T_le_v4SPD16_eabi.lib</file>
         <name>memcpy_t2.asm.obj</name>
      </input_file>
      <input_file id="fl-c5">
         <path>C:\ti\ccsv8\tools\compiler\ti-cgt-arm_18.1.4.LTS\lib\</path>
         <kind>archive</kind>
         <file>rtsv7M4_T_le_v4SPD16_eabi.lib</file>
         <name>u_tofd_t2.asm.obj</name>
      </input_file>
      <input_file id="fl-c6">
         <path>C:\ti\ccsv8\tools\compiler\ti-cgt-arm_18.1.4.LTS\lib\</path>
         <kind>archive</kind>
         <file>rtsv7M4_T_le_v4SPD16_eabi.lib</file>
         <name>copy_zero_init.c.obj</name>
      </input_file>
      <input_file id="fl-c7">
         <path>C:\ti\ccsv8\tools\compiler\ti-cgt-arm_18.1.4.LTS\lib\</path>
         <kind>archive</kind>
         <file>rtsv7M4_T_le_v4SPD16_eabi.lib</file>
         <name>copy_decompress_none.c.obj</name>
      </input_file>
      <input_file id="fl-c8">
         <path>C:\ti\ccsv8\tools\compiler\ti-cgt-arm_18.1.4.LTS\lib\</path>
         <kind>archive</kind>
         <file>rtsv7M4_T_le_v4SPD16_eabi.lib</file>
         <name>copy_decompress_lzss.c.obj</name>
      </input_file>
      <input_file id="fl-c9">
         <path>C:\ti\ccsv8\tools\compiler\ti-cgt-arm_18.1.4.LTS\lib\</path>
         <kind>archive</kind>
         <file>rtsv7M4_T_le_v4SPD16_eabi.lib</file>
         <name>boot_cortex_m.c.obj</name>
      </input_file>
      <input_file id="fl-ca">
         <path>C:\ti\ccsv8\tools\compiler\ti-cgt-arm_18.1.4.LTS\lib\</path>
         <kind>archive</kind>
         <file>rtsv7M4_T_le_v4SPD16_eabi.lib</file>
         <name>exit.c.obj</name>
      </input_file>
      <input_file id="fl-cb">
         <path>C:\ti\ccsv8\tools\compiler\ti-cgt-arm_18.1.4.LTS\lib\</path>
         <kind>archive</kind>
         <file>rtsv7M4_T_le_v4SPD16_eabi.lib</file>
         <name>_lock.c.obj</name>
      </input_file>
      <input_file id="fl-cc">
         <path>C:\ti\ccsv8\tools\compiler\ti-cgt-arm_18.1.4.LTS\lib\</path>
         <kind>archive</kind>
         <file>rtsv7M4_T_le_v4SPD16_eabi.lib</file>
         <name>args_main.c.obj</name>
      </input_file>
      <input_file id="fl-cd">
         <path>C:\ti\ccsv8\tools\compiler\ti-cgt-arm_18.1.4.LTS\lib\</path>
         <kind>archive</kind>
         <file>rtsv7M4_T_le_v4SPD16_eabi.lib</file>
         <name>atoi.c.obj</name>
      </input_file>
      <input_file id="fl-ce">
         <path>C:\ti\ccsv8\tools\compiler\ti-cgt-arm_18.1.4.LTS\lib\</path>
         <kind>archive</kind>
         <file>rtsv7M4_T_le_v4SPD16_eabi.lib</file>
         <name>ctype.c.obj</name>
      </input_file>
      <input_file id="fl-cf">
         <path>C:\ti\ccsv8\tools\compiler\ti-cgt-arm_18.1.4.LTS\lib\</path>
         <kind>archive</kind>
         <file>rtsv7M4_T_le_v4SPD16_eabi.lib</file>
         <name>rand.c.obj</name>
      </input_file>
      <input_file id="fl-d0">
         <path>C:\ti\ccsv8\tools\compiler\ti-cgt-arm_18.1.4.LTS\lib\</path>
         <kind>archive</kind>
         <file>rtsv7M4_T_le_v4SPD16_eabi.lib</file>
         <name>sprintf.c.obj</name>
      </input_file>
      <input_file id="fl-d1">
         <path>C:\ti\ccsv8\tools\compiler\ti-cgt-arm_18.1.4.LTS\lib\</path>
         <kind>archive</kind>
         <file>rtsv7M4_T_le_v4SPD16_eabi.lib</file>
         <name>strcat.c.obj</name>
      </input_file>
      <input_file id="fl-d2">
         <path>C:\ti\ccsv8\tools\compiler\ti-cgt-arm_18.1.4.LTS\lib\</path>
         <kind>archive</kind>
         <file>rtsv7M4_T_le_v4SPD16_eabi.lib</file>
         <name>strcmp.c.obj</name>
      </input_file>
      <input_file id="fl-d3">
         <path>C:\ti\ccsv8\tools\compiler\ti-cgt-arm_18.1.4.LTS\lib\</path>
         <kind>archive</kind>
         <file>rtsv7M4_T_le_v4SPD16_eabi.lib</file>
         <name>strcpy.c.obj</name>
      </input_file>
      <input_file id="fl-d4">
         <path>C:\ti\ccsv8\tools\compiler\ti-cgt-arm_18.1.4.LTS\lib\</path>
         <kind>archive</kind>
         <file>rtsv7M4_T_le_v4SPD16_eabi.lib</file>
         <name>strlen.c.obj</name>
      </input_file>
      <input_file id="fl-d5">
         <path>C:\ti\ccsv8\tools\compiler\ti-cgt-arm_18.1.4.LTS\lib\</path>
         <kind>archive</kind>
         <file>rtsv7M4_T_le_v4SPD16_eabi.lib</file>
         <name>memset_t2.asm.obj</name>
      </input_file>
      <input_file id="fl-d6">
         <path>C:\ti\ccsv8\tools\compiler\ti-cgt-arm_18.1.4.LTS\lib\</path>
         <kind>archive</kind>
         <file>rtsv7M4_T_le_v4SPD16_eabi.lib</file>
         <name>autoinit.c.obj</name>
      </input_file>
      <input_file id="fl-d7">
         <path>C:\ti\ccsv8\tools\compiler\ti-cgt-arm_18.1.4.LTS\lib\</path>
         <kind>archive</kind>
         <file>rtsv7M4_T_le_v4SPD16_eabi.lib</file>
         <name>pre_init.c.obj</name>
      </input_file>
      <input_file id="fl-d8">
         <path>C:\ti\ccsv8\tools\compiler\ti-cgt-arm_18.1.4.LTS\lib\</path>
         <kind>archive</kind>
         <file>rtsv7M4_T_le_v4SPD16_eabi.lib</file>
         <name>cpy_tbl.c.obj</name>
      </input_file>
      <input_file id="fl-d9">
         <path>C:\ti\ccsv8\tools\compiler\ti-cgt-arm_18.1.4.LTS\lib\</path>
         <kind>archive</kind>
         <file>rtsv7M4_T_le_v4SPD16_eabi.lib</file>
         <name>_printfi.c.obj</name>
      </input_file>
      <input_file id="fl-da">
         <path>C:\ti\ccsv8\tools\compiler\ti-cgt-arm_18.1.4.LTS\lib\</path>
         <kind>archive</kind>
         <file>rtsv7M4_T_le_v4SPD16_eabi.lib</file>
         <name>ltoa.c.obj</name>
      </input_file>
      <input_file id="fl-db">
         <path>C:\ti\ccsv8\tools\compiler\ti-cgt-arm_18.1.4.LTS\lib\</path>
         <kind>archive</kind>
         <file>rtsv7M4_T_le_v4SPD16_eabi.lib</file>
         <name>memccpy.c.obj</name>
      </input_file>
      <input_file id="fl-dc">
         <path>C:\ti\ccsv8\tools\compiler\ti-cgt-arm_18.1.4.LTS\lib\</path>
         <kind>archive</kind>
         <file>rtsv7M4_T_le_v4SPD16_eabi.lib</file>
         <name>strchr.c.obj</name>
      </input_file>
      <input_file id="fl-dd">
         <path>C:\ti\ccsv8\tools\compiler\ti-cgt-arm_18.1.4.LTS\lib\</path>
         <kind>archive</kind>
         <file>rtsv7M4_T_le_v4SPD16_eabi.lib</file>
         <name>wcslen.c.obj</name>
      </input_file>
      <input_file id="fl-de">
         <path>C:\ti\ccsv8\tools\compiler\ti-cgt-arm_18.1.4.LTS\lib\</path>
         <kind>archive</kind>
         <file>rtsv7M4_T_le_v4SPD16_eabi.lib</file>
         <name>s_frexp.c.obj</name>
      </input_file>
      <input_file id="fl-df">
         <path>C:\ti\ccsv8\tools\compiler\ti-cgt-arm_18.1.4.LTS\lib\</path>
         <kind>archive</kind>
         <file>rtsv7M4_T_le_v4SPD16_eabi.lib</file>
         <name>s_scalbn.c.obj</name>
      </input_file>
      <input_file id="fl-e0">
         <path>C:\ti\ccsv8\tools\compiler\ti-cgt-arm_18.1.4.LTS\lib\</path>
         <kind>archive</kind>
         <file>rtsv7M4_T_le_v4SPD16_eabi.lib</file>
         <name>fd_add_t2.asm.obj</name>
      </input_file>
      <input_file id="fl-e1">
         <path>C:\ti\ccsv8\tools\compiler\ti-cgt-arm_18.1.4.LTS\lib\</path>
         <kind>archive</kind>
         <file>rtsv7M4_T_le_v4SPD16_eabi.lib</file>
         <name>fd_div_t2.asm.obj</name>
      </input_file>
      <input_file id="fl-e2">
         <path>C:\ti\ccsv8\tools\compiler\ti-cgt-arm_18.1.4.LTS\lib\</path>
         <kind>archive</kind>
         <file>rtsv7M4_T_le_v4SPD16_eabi.lib</file>
         <name>fd_mul_t2.asm.obj</name>
      </input_file>
      <input_file id="fl-e3">
         <path>C:\ti\ccsv8\tools\compiler\ti-cgt-arm_18.1.4.LTS\lib\</path>
         <kind>archive</kind>
         <file>rtsv7M4_T_le_v4SPD16_eabi.lib</file>
         <name>fd_toi_t2.asm.obj</name>
      </input_file>
      <input_file id="fl-e4">
         <path>C:\ti\ccsv8\tools\compiler\ti-cgt-arm_18.1.4.LTS\lib\</path>
         <kind>archive</kind>
         <file>rtsv7M4_T_le_v4SPD16_eabi.lib</file>
         <name>i_tofd_t2.asm.obj</name>
      </input_file>
      <input_file id="fl-e5">
         <path>C:\ti\ccsv8\tools\compiler\ti-cgt-arm_18.1.4.LTS\lib\</path>
         <kind>archive</kind>
         <file>rtsv7M4_T_le_v4SPD16_eabi.lib</file>
         <name>ull_div_t2.asm.obj</name>
      </input_file>
      <input_file id="fl-e6">
         <path>C:\ti\ccsv8\tools\compiler\ti-cgt-arm_18.1.4.LTS\lib\</path>
         <kind>archive</kind>
         <file>rtsv7M4_T_le_v4SPD16_eabi.lib</file>
         <name>errno.c.obj</name>
      </input_file>
      <input_file id="fl-e7">
         <path>C:\ti\ccsv8\tools\compiler\ti-cgt-arm_18.1.4.LTS\lib\</path>
         <kind>archive</kind>
         <file>rtsv7M4_T_le_v4SPD16_eabi.lib</file>
         <name>s_copysign.c.obj</name>
      </input_file>
      <input_file id="fl-e8">
         <path>C:\ti\ccsv8\tools\compiler\ti-cgt-arm_18.1.4.LTS\lib\</path>
         <kind>archive</kind>
         <file>rtsv7M4_T_le_v4SPD16_eabi.lib</file>
         <name>div0.asm.obj</name>
      </input_file>
   </input_file_list>
   <object_component_list>
      <object_component id="oc-f">
         <name>.intvecs</name>
         <load_address>0x0</load_address>
         <run_address>0x0</run_address>
         <size>0x26c</size>
         <input_file_ref idref="fl-7"/>
      </object_component>
      <object_component id="oc-d2">
         <name>.text</name>
         <load_address>0x26c</load_address>
         <run_address>0x26c</run_address>
         <size>0x2868</size>
         <input_file_ref idref="fl-2"/>
      </object_component>
      <object_component id="oc-183">
         <name>.text:__TI_printfi</name>
         <load_address>0x2ad4</load_address>
         <run_address>0x2ad4</run_address>
         <size>0xa5e</size>
         <input_file_ref idref="fl-d9"/>
      </object_component>
      <object_component id="oc-24a">
         <name>.text:_nop</name>
         <load_address>0x3532</load_address>
         <run_address>0x3532</run_address>
         <size>0x2</size>
         <input_file_ref idref="fl-cb"/>
      </object_component>
      <object_component id="oc-c6">
         <name>.text</name>
         <load_address>0x3534</load_address>
         <run_address>0x3534</run_address>
         <size>0x7c0</size>
         <input_file_ref idref="fl-4"/>
      </object_component>
      <object_component id="oc-98">
         <name>.text</name>
         <load_address>0x3cf4</load_address>
         <run_address>0x3cf4</run_address>
         <size>0x720</size>
         <input_file_ref idref="fl-3"/>
      </object_component>
      <object_component id="oc-e7">
         <name>.text</name>
         <load_address>0x4414</load_address>
         <run_address>0x4414</run_address>
         <size>0x528</size>
         <input_file_ref idref="fl-5"/>
      </object_component>
      <object_component id="oc-217">
         <name>.text:_pconv_a</name>
         <load_address>0x493c</load_address>
         <run_address>0x493c</run_address>
         <size>0x270</size>
         <input_file_ref idref="fl-d9"/>
      </object_component>
      <object_component id="oc-205">
         <name>.text:_pconv_g</name>
         <load_address>0x4bac</load_address>
         <run_address>0x4bac</run_address>
         <size>0x1d0</size>
         <input_file_ref idref="fl-d9"/>
      </object_component>
      <object_component id="oc-292">
         <name>.text</name>
         <load_address>0x4d7c</load_address>
         <run_address>0x4d7c</run_address>
         <size>0x1b6</size>
         <input_file_ref idref="fl-e0"/>
      </object_component>
      <object_component id="oc-2fa">
         <name>.text</name>
         <load_address>0x4f32</load_address>
         <run_address>0x4f32</run_address>
         <size>0x2</size>
         <input_file_ref idref="fl-e8"/>
      </object_component>
      <object_component id="oc-cc">
         <name>.text</name>
         <load_address>0x4f34</load_address>
         <run_address>0x4f34</run_address>
         <size>0x17c</size>
         <input_file_ref idref="fl-8"/>
      </object_component>
      <object_component id="oc-14a">
         <name>.text</name>
         <load_address>0x50b0</load_address>
         <run_address>0x50b0</run_address>
         <size>0x160</size>
         <input_file_ref idref="fl-6"/>
      </object_component>
      <object_component id="oc-211">
         <name>.text:_pconv_e</name>
         <load_address>0x5210</load_address>
         <run_address>0x5210</run_address>
         <size>0x13c</size>
         <input_file_ref idref="fl-d9"/>
      </object_component>
      <object_component id="oc-27d">
         <name>.text</name>
         <load_address>0x534c</load_address>
         <run_address>0x534c</run_address>
         <size>0x136</size>
         <input_file_ref idref="fl-e1"/>
      </object_component>
      <object_component id="oc-2a4">
         <name>.text:fcvt</name>
         <load_address>0x5484</load_address>
         <run_address>0x5484</run_address>
         <size>0x124</size>
         <input_file_ref idref="fl-d9"/>
      </object_component>
      <object_component id="oc-2b8">
         <name>.text:scalbn</name>
         <load_address>0x55a8</load_address>
         <run_address>0x55a8</run_address>
         <size>0x110</size>
         <input_file_ref idref="fl-df"/>
      </object_component>
      <object_component id="oc-278">
         <name>.text</name>
         <load_address>0x56b8</load_address>
         <run_address>0x56b8</run_address>
         <size>0xfc</size>
         <input_file_ref idref="fl-e2"/>
      </object_component>
      <object_component id="oc-1fa">
         <name>.text:_ltostr</name>
         <load_address>0x57b4</load_address>
         <run_address>0x57b4</run_address>
         <size>0xb1</size>
         <input_file_ref idref="fl-d9"/>
      </object_component>
      <object_component id="oc-38">
         <name>.text</name>
         <load_address>0x5866</load_address>
         <run_address>0x5866</run_address>
         <size>0x9c</size>
         <input_file_ref idref="fl-c4"/>
      </object_component>
      <object_component id="oc-271">
         <name>.text</name>
         <load_address>0x5902</load_address>
         <run_address>0x5902</run_address>
         <size>0x96</size>
         <input_file_ref idref="fl-e5"/>
      </object_component>
      <object_component id="oc-200">
         <name>.text:__aeabi_cdcmple</name>
         <load_address>0x5998</load_address>
         <run_address>0x5998</run_address>
         <size>0x86</size>
         <input_file_ref idref="fl-c3"/>
      </object_component>
      <object_component id="oc-f2">
         <name>.text:__aeabi_cdrcmple</name>
         <load_address>0x5a1e</load_address>
         <run_address>0x5a1e</run_address>
         <size>0x86</size>
         <input_file_ref idref="fl-c3"/>
      </object_component>
      <object_component id="oc-8c">
         <name>.text</name>
         <load_address>0x5aa4</load_address>
         <run_address>0x5aa4</run_address>
         <size>0x7a</size>
         <input_file_ref idref="fl-d5"/>
      </object_component>
      <object_component id="oc-29d">
         <name>.text:_mcpy</name>
         <load_address>0x5b1e</load_address>
         <run_address>0x5b1e</run_address>
         <size>0x6e</size>
         <input_file_ref idref="fl-d9"/>
      </object_component>
      <object_component id="oc-12">
         <name>.text:decompress:lzss:__TI_decompress_lzss</name>
         <load_address>0x5b8c</load_address>
         <run_address>0x5b8c</run_address>
         <size>0x68</size>
         <input_file_ref idref="fl-c8"/>
      </object_component>
      <object_component id="oc-2b2">
         <name>.text:frexp</name>
         <load_address>0x5bf4</load_address>
         <run_address>0x5bf4</run_address>
         <size>0x64</size>
         <input_file_ref idref="fl-de"/>
      </object_component>
      <object_component id="oc-20b">
         <name>.text:_pconv_f</name>
         <load_address>0x5c58</load_address>
         <run_address>0x5c58</run_address>
         <size>0x56</size>
         <input_file_ref idref="fl-d9"/>
      </object_component>
      <object_component id="oc-287">
         <name>.text:ltoa</name>
         <load_address>0x5cae</load_address>
         <run_address>0x5cae</run_address>
         <size>0x54</size>
         <input_file_ref idref="fl-da"/>
      </object_component>
      <object_component id="oc-297">
         <name>.text:_ecpy</name>
         <load_address>0x5d02</load_address>
         <run_address>0x5d02</run_address>
         <size>0x52</size>
         <input_file_ref idref="fl-d9"/>
      </object_component>
      <object_component id="oc-1a3">
         <name>.text:atoi</name>
         <load_address>0x5d54</load_address>
         <run_address>0x5d54</run_address>
         <size>0x4c</size>
         <input_file_ref idref="fl-cd"/>
      </object_component>
      <object_component id="oc-282">
         <name>.text</name>
         <load_address>0x5da0</load_address>
         <run_address>0x5da0</run_address>
         <size>0x48</size>
         <input_file_ref idref="fl-e3"/>
      </object_component>
      <object_component id="oc-108">
         <name>.text:__TI_auto_init_nobinit_nopinit:__TI_auto_init_nobinit_nopinit</name>
         <load_address>0x5de8</load_address>
         <run_address>0x5de8</run_address>
         <size>0x44</size>
         <input_file_ref idref="fl-d6"/>
      </object_component>
      <object_component id="oc-d8">
         <name>.text:sprintf</name>
         <load_address>0x5e2c</load_address>
         <run_address>0x5e2c</run_address>
         <size>0x40</size>
         <input_file_ref idref="fl-d0"/>
      </object_component>
      <object_component id="oc-2aa">
         <name>.text:_fcpy</name>
         <load_address>0x5e6c</load_address>
         <run_address>0x5e6c</run_address>
         <size>0x3e</size>
         <input_file_ref idref="fl-d9"/>
      </object_component>
      <object_component id="oc-56">
         <name>.text:_c_int00_noargs:_c_int00_noargs</name>
         <load_address>0x5eac</load_address>
         <run_address>0x5eac</run_address>
         <size>0x38</size>
         <input_file_ref idref="fl-c9"/>
      </object_component>
      <object_component id="oc-160">
         <name>.text:rand</name>
         <load_address>0x5ee4</load_address>
         <run_address>0x5ee4</run_address>
         <size>0x34</size>
         <input_file_ref idref="fl-cf"/>
      </object_component>
      <object_component id="oc-28d">
         <name>.text</name>
         <load_address>0x5f18</load_address>
         <run_address>0x5f18</run_address>
         <size>0x2e</size>
         <input_file_ref idref="fl-e4"/>
      </object_component>
      <object_component id="oc-e1">
         <name>.text</name>
         <load_address>0x5f46</load_address>
         <run_address>0x5f46</run_address>
         <size>0x24</size>
         <input_file_ref idref="fl-9"/>
      </object_component>
      <object_component id="oc-ed">
         <name>.text</name>
         <load_address>0x5f6a</load_address>
         <run_address>0x5f6a</run_address>
         <size>0x20</size>
         <input_file_ref idref="fl-c5"/>
      </object_component>
      <object_component id="oc-176">
         <name>.text:strcat</name>
         <load_address>0x5f8a</load_address>
         <run_address>0x5f8a</run_address>
         <size>0x1e</size>
         <input_file_ref idref="fl-d1"/>
      </object_component>
      <object_component id="oc-21d">
         <name>.text:memccpy</name>
         <load_address>0x5fa8</load_address>
         <run_address>0x5fa8</run_address>
         <size>0x1c</size>
         <input_file_ref idref="fl-db"/>
      </object_component>
      <object_component id="oc-189">
         <name>.text:_outs</name>
         <load_address>0x5fc4</load_address>
         <run_address>0x5fc4</run_address>
         <size>0x18</size>
         <input_file_ref idref="fl-d0"/>
      </object_component>
      <object_component id="oc-1a9">
         <name>.text:strcmp</name>
         <load_address>0x5fdc</load_address>
         <run_address>0x5fdc</run_address>
         <size>0x18</size>
         <input_file_ref idref="fl-d2"/>
      </object_component>
      <object_component id="oc-2be">
         <name>.text:strchr</name>
         <load_address>0x5ff4</load_address>
         <run_address>0x5ff4</run_address>
         <size>0x16</size>
         <input_file_ref idref="fl-dc"/>
      </object_component>
      <object_component id="oc-312">
         <name>.text:copysign</name>
         <load_address>0x600a</load_address>
         <run_address>0x600a</run_address>
         <size>0x14</size>
         <input_file_ref idref="fl-e7"/>
      </object_component>
      <object_component id="oc-167">
         <name>.text:strcpy</name>
         <load_address>0x601e</load_address>
         <run_address>0x601e</run_address>
         <size>0x14</size>
         <input_file_ref idref="fl-d3"/>
      </object_component>
      <object_component id="oc-16d">
         <name>.text:strlen</name>
         <load_address>0x6032</load_address>
         <run_address>0x6032</run_address>
         <size>0x14</size>
         <input_file_ref idref="fl-d4"/>
      </object_component>
      <object_component id="oc-44">
         <name>.text:decompress:ZI:__TI_zero_init_nomemset:__TI_zero_init_nomemset</name>
         <load_address>0x6046</load_address>
         <run_address>0x6046</run_address>
         <size>0x12</size>
         <input_file_ref idref="fl-c6"/>
      </object_component>
      <object_component id="oc-223">
         <name>.text:wcslen</name>
         <load_address>0x6058</load_address>
         <run_address>0x6058</run_address>
         <size>0x12</size>
         <input_file_ref idref="fl-dd"/>
      </object_component>
      <object_component id="oc-18">
         <name>.text:decompress:none:__TI_decompress_none</name>
         <load_address>0x606a</load_address>
         <run_address>0x606a</run_address>
         <size>0xe</size>
         <input_file_ref idref="fl-c7"/>
      </object_component>
      <object_component id="oc-24">
         <name>.text</name>
         <load_address>0x6078</load_address>
         <run_address>0x6078</run_address>
         <size>0xc</size>
         <input_file_ref idref="fl-7"/>
      </object_component>
      <object_component id="oc-18f">
         <name>.text:_outc</name>
         <load_address>0x6084</load_address>
         <run_address>0x6084</run_address>
         <size>0xa</size>
         <input_file_ref idref="fl-d0"/>
      </object_component>
      <object_component id="oc-229">
         <name>.text:__aeabi_errno_addr</name>
         <load_address>0x6090</load_address>
         <run_address>0x6090</run_address>
         <size>0x8</size>
         <input_file_ref idref="fl-e6"/>
      </object_component>
      <object_component id="oc-92">
         <name>.text:_system_pre_init</name>
         <load_address>0x6098</load_address>
         <run_address>0x6098</run_address>
         <size>0x4</size>
         <input_file_ref idref="fl-d7"/>
      </object_component>
      <object_component id="oc-fc">
         <name>.text:abort:abort</name>
         <load_address>0x609c</load_address>
         <run_address>0x609c</run_address>
         <size>0x4</size>
         <input_file_ref idref="fl-ca"/>
      </object_component>
      <object_component id="oc-241">
         <name>.const:.string:_ctypes_</name>
         <load_address>0x60a0</load_address>
         <run_address>0x60a0</run_address>
         <size>0x101</size>
         <input_file_ref idref="fl-ce"/>
      </object_component>
      <object_component id="oc-173">
         <name>.const:.string:$P$T0$1</name>
         <load_address>0x61a1</load_address>
         <run_address>0x61a1</run_address>
         <size>0x32</size>
         <input_file_ref idref="fl-2"/>
      </object_component>
      <object_component id="oc-de">
         <name>.const:.string:$P$T0$1</name>
         <load_address>0x61d3</load_address>
         <run_address>0x61d3</run_address>
         <size>0x4</size>
         <input_file_ref idref="fl-3"/>
      </object_component>
      <object_component id="oc-368">
         <name>.cinit..data.load</name>
         <load_address>0x61d8</load_address>
         <run_address>0x61d8</run_address>
         <size>0x2f</size>
      </object_component>
      <object_component id="oc-366">
         <name>__TI_handler_table</name>
         <load_address>0x6208</load_address>
         <run_address>0x6208</run_address>
         <size>0xc</size>
      </object_component>
      <object_component id="oc-369">
         <name>.cinit..bss.load</name>
         <load_address>0x6218</load_address>
         <run_address>0x6218</run_address>
         <size>0x8</size>
      </object_component>
      <object_component id="oc-367">
         <name>__TI_cinit_table</name>
         <load_address>0x6220</load_address>
         <run_address>0x6220</run_address>
         <size>0x10</size>
      </object_component>
      <object_component id="oc-153">
         <name>.data</name>
         <load_address>0x200020e2</load_address>
         <run_address>0x200020e2</run_address>
         <size>0x5</size>
         <input_file_ref idref="fl-2"/>
      </object_component>
      <object_component id="oc-150">
         <name>.data:macAddress</name>
         <load_address>0x200020dc</load_address>
         <run_address>0x200020dc</run_address>
         <size>0x6</size>
         <input_file_ref idref="fl-2"/>
      </object_component>
      <object_component id="oc-157">
         <name>.data:ipAddress</name>
         <load_address>0x200020e7</load_address>
         <run_address>0x200020e7</run_address>
         <size>0x4</size>
         <input_file_ref idref="fl-2"/>
      </object_component>
      <object_component id="oc-15a">
         <name>.data:ipSubnetMask</name>
         <load_address>0x200020ef</load_address>
         <run_address>0x200020ef</run_address>
         <size>0x4</size>
         <input_file_ref idref="fl-2"/>
      </object_component>
      <object_component id="oc-15d">
         <name>.data:ipGwAddress</name>
         <load_address>0x200020eb</load_address>
         <run_address>0x200020eb</run_address>
         <size>0x4</size>
         <input_file_ref idref="fl-2"/>
      </object_component>
      <object_component id="oc-f7">
         <name>.data</name>
         <load_address>0x200020c8</load_address>
         <run_address>0x200020c8</run_address>
         <size>0xa</size>
         <input_file_ref idref="fl-3"/>
      </object_component>
      <object_component id="oc-19f">
         <name>.data</name>
         <load_address>0x200020d2</load_address>
         <run_address>0x200020d2</run_address>
         <size>0x2</size>
         <input_file_ref idref="fl-5"/>
      </object_component>
      <object_component id="oc-1c1">
         <name>.data:$O1$$</name>
         <load_address>0x200020d4</load_address>
         <run_address>0x200020d4</run_address>
         <size>0x8</size>
         <input_file_ref idref="fl-cb"/>
      </object_component>
      <object_component id="oc-1ec">
         <name>.data</name>
         <load_address>0x200020f8</load_address>
         <run_address>0x200020f8</run_address>
         <size>0x4</size>
         <input_file_ref idref="fl-cf"/>
      </object_component>
      <object_component id="oc-2ce">
         <name>.data</name>
         <load_address>0x200020f4</load_address>
         <run_address>0x200020f4</run_address>
         <size>0x4</size>
         <input_file_ref idref="fl-e6"/>
      </object_component>
      <object_component id="oc-156">
         <name>.common:sum</name>
         <uninitialized>true</uninitialized>
         <run_address>0x200020c0</run_address>
         <size>0x4</size>
      </object_component>
      <object_component id="oc-180">
         <name>.common:checksum</name>
         <uninitialized>true</uninitialized>
         <run_address>0x200020c4</run_address>
         <size>0x2</size>
      </object_component>
      <object_component id="oc-166">
         <name>.common:portNum</name>
         <uninitialized>true</uninitialized>
         <run_address>0x200020c6</run_address>
         <size>0x2</size>
      </object_component>
      <object_component id="oc-181">
         <name>.common:str</name>
         <uninitialized>true</uninitialized>
         <run_address>0x20002000</run_address>
         <size>0x54</size>
      </object_component>
      <object_component id="oc-1af">
         <name>.common:str1</name>
         <uninitialized>true</uninitialized>
         <run_address>0x20002054</run_address>
         <size>0x20</size>
      </object_component>
      <object_component id="oc-17f">
         <name>.common:str2</name>
         <uninitialized>true</uninitialized>
         <run_address>0x20002074</run_address>
         <size>0x20</size>
      </object_component>
      <object_component id="oc-17c">
         <name>.common:str3</name>
         <uninitialized>true</uninitialized>
         <run_address>0x20002094</run_address>
         <size>0x20</size>
      </object_component>
      <object_component id="oc-1a2">
         <name>.common:pos</name>
         <uninitialized>true</uninitialized>
         <run_address>0x200020b4</run_address>
         <size>0x8</size>
      </object_component>
      <object_component id="oc-1b0">
         <name>.common:clientId</name>
         <uninitialized>true</uninitialized>
         <run_address>0x200020bc</run_address>
         <size>0x4</size>
      </object_component>
      <object_component id="oc-21">
         <name>.stack</name>
         <uninitialized>true</uninitialized>
         <run_address>0x20000000</run_address>
         <size>0x4</size>
         <input_file_ref idref="fl-c9"/>
      </object_component>
      <object_component id="oc-36a">
         <name>.stack</name>
         <uninitialized>true</uninitialized>
         <run_address>0x20000000</run_address>
         <size>0x0</size>
      </object_component>
      <object_component id="oc-b4">
         <name>.debug_info</name>
         <load_address>0x0</load_address>
         <run_address>0x0</run_address>
         <size>0x68f</size>
         <input_file_ref idref="fl-2"/>
      </object_component>
      <object_component id="oc-154">
         <name>.debug_info</name>
         <load_address>0x68f</load_address>
         <run_address>0x68f</run_address>
         <size>0x174</size>
         <input_file_ref idref="fl-2"/>
      </object_component>
      <object_component id="oc-151">
         <name>.debug_info</name>
         <load_address>0x803</load_address>
         <run_address>0x803</run_address>
         <size>0xd8</size>
         <input_file_ref idref="fl-2"/>
      </object_component>
      <object_component id="oc-158">
         <name>.debug_info</name>
         <load_address>0x8db</load_address>
         <run_address>0x8db</run_address>
         <size>0xd6</size>
         <input_file_ref idref="fl-2"/>
      </object_component>
      <object_component id="oc-15b">
         <name>.debug_info</name>
         <load_address>0x9b1</load_address>
         <run_address>0x9b1</run_address>
         <size>0xdc</size>
         <input_file_ref idref="fl-2"/>
      </object_component>
      <object_component id="oc-15e">
         <name>.debug_info</name>
         <load_address>0xa8d</load_address>
         <run_address>0xa8d</run_address>
         <size>0xda</size>
         <input_file_ref idref="fl-2"/>
      </object_component>
      <object_component id="oc-174">
         <name>.debug_info</name>
         <load_address>0xb67</load_address>
         <run_address>0xb67</run_address>
         <size>0xd2</size>
         <input_file_ref idref="fl-2"/>
      </object_component>
      <object_component id="oc-d3">
         <name>.debug_info</name>
         <load_address>0xc39</load_address>
         <run_address>0xc39</run_address>
         <size>0x4953</size>
         <input_file_ref idref="fl-2"/>
      </object_component>
      <object_component id="oc-1b6">
         <name>.debug_info</name>
         <load_address>0x558c</load_address>
         <run_address>0x558c</run_address>
         <size>0xb4</size>
         <input_file_ref idref="fl-2"/>
      </object_component>
      <object_component id="oc-6d">
         <name>.debug_info</name>
         <load_address>0x5640</load_address>
         <run_address>0x5640</run_address>
         <size>0x26b</size>
         <input_file_ref idref="fl-2"/>
      </object_component>
      <object_component id="oc-141">
         <name>.debug_info</name>
         <load_address>0x58ab</load_address>
         <run_address>0x58ab</run_address>
         <size>0x88</size>
         <input_file_ref idref="fl-2"/>
      </object_component>
      <object_component id="oc-af">
         <name>.debug_info</name>
         <load_address>0x5933</load_address>
         <run_address>0x5933</run_address>
         <size>0x8b</size>
         <input_file_ref idref="fl-2"/>
      </object_component>
      <object_component id="oc-aa">
         <name>.debug_info</name>
         <load_address>0x59be</load_address>
         <run_address>0x59be</run_address>
         <size>0x297</size>
         <input_file_ref idref="fl-2"/>
      </object_component>
      <object_component id="oc-72">
         <name>.debug_info</name>
         <load_address>0x5c55</load_address>
         <run_address>0x5c55</run_address>
         <size>0xbb</size>
         <input_file_ref idref="fl-2"/>
      </object_component>
      <object_component id="oc-bd">
         <name>.debug_info</name>
         <load_address>0x5d10</load_address>
         <run_address>0x5d10</run_address>
         <size>0x2c</size>
         <input_file_ref idref="fl-2"/>
      </object_component>
      <object_component id="oc-13c">
         <name>.debug_info</name>
         <load_address>0x5d3c</load_address>
         <run_address>0x5d3c</run_address>
         <size>0x722</size>
         <input_file_ref idref="fl-2"/>
      </object_component>
      <object_component id="oc-fb">
         <name>.debug_info</name>
         <load_address>0x645e</load_address>
         <run_address>0x645e</run_address>
         <size>0xcf9</size>
         <input_file_ref idref="fl-3"/>
      </object_component>
      <object_component id="oc-f8">
         <name>.debug_info</name>
         <load_address>0x7157</load_address>
         <run_address>0x7157</run_address>
         <size>0x17c</size>
         <input_file_ref idref="fl-3"/>
      </object_component>
      <object_component id="oc-df">
         <name>.debug_info</name>
         <load_address>0x72d3</load_address>
         <run_address>0x72d3</run_address>
         <size>0xd5</size>
         <input_file_ref idref="fl-3"/>
      </object_component>
      <object_component id="oc-99">
         <name>.debug_info</name>
         <load_address>0x73a8</load_address>
         <run_address>0x73a8</run_address>
         <size>0xaf1</size>
         <input_file_ref idref="fl-3"/>
      </object_component>
      <object_component id="oc-197">
         <name>.debug_info</name>
         <load_address>0x7e99</load_address>
         <run_address>0x7e99</run_address>
         <size>0x2c</size>
         <input_file_ref idref="fl-3"/>
      </object_component>
      <object_component id="oc-147">
         <name>.debug_info</name>
         <load_address>0x7ec5</load_address>
         <run_address>0x7ec5</run_address>
         <size>0x265</size>
         <input_file_ref idref="fl-4"/>
      </object_component>
      <object_component id="oc-c9">
         <name>.debug_info</name>
         <load_address>0x812a</load_address>
         <run_address>0x812a</run_address>
         <size>0xfa2</size>
         <input_file_ref idref="fl-4"/>
      </object_component>
      <object_component id="oc-17d">
         <name>.debug_info</name>
         <load_address>0x90cc</load_address>
         <run_address>0x90cc</run_address>
         <size>0x552</size>
         <input_file_ref idref="fl-5"/>
      </object_component>
      <object_component id="oc-1a0">
         <name>.debug_info</name>
         <load_address>0x961e</load_address>
         <run_address>0x961e</run_address>
         <size>0xf0</size>
         <input_file_ref idref="fl-5"/>
      </object_component>
      <object_component id="oc-e8">
         <name>.debug_info</name>
         <load_address>0x970e</load_address>
         <run_address>0x970e</run_address>
         <size>0x4cb</size>
         <input_file_ref idref="fl-5"/>
      </object_component>
      <object_component id="oc-33">
         <name>.debug_info</name>
         <load_address>0x9bd9</load_address>
         <run_address>0x9bd9</run_address>
         <size>0x84</size>
         <input_file_ref idref="fl-5"/>
      </object_component>
      <object_component id="oc-14b">
         <name>.debug_info</name>
         <load_address>0x9c5d</load_address>
         <run_address>0x9c5d</run_address>
         <size>0x457</size>
         <input_file_ref idref="fl-6"/>
      </object_component>
      <object_component id="oc-2c">
         <name>.debug_info</name>
         <load_address>0xa0b4</load_address>
         <run_address>0xa0b4</run_address>
         <size>0x2b1</size>
         <input_file_ref idref="fl-7"/>
      </object_component>
      <object_component id="oc-10">
         <name>.debug_info</name>
         <load_address>0xa365</load_address>
         <run_address>0xa365</run_address>
         <size>0xf0</size>
         <input_file_ref idref="fl-7"/>
      </object_component>
      <object_component id="oc-25">
         <name>.debug_info</name>
         <load_address>0xa455</load_address>
         <run_address>0xa455</run_address>
         <size>0x26c</size>
         <input_file_ref idref="fl-7"/>
      </object_component>
      <object_component id="oc-149">
         <name>.debug_info</name>
         <load_address>0xa6c1</load_address>
         <run_address>0xa6c1</run_address>
         <size>0x266</size>
         <input_file_ref idref="fl-8"/>
      </object_component>
      <object_component id="oc-cd">
         <name>.debug_info</name>
         <load_address>0xa927</load_address>
         <run_address>0xa927</run_address>
         <size>0x34e</size>
         <input_file_ref idref="fl-8"/>
      </object_component>
      <object_component id="oc-e2">
         <name>.debug_info</name>
         <load_address>0xac75</load_address>
         <run_address>0xac75</run_address>
         <size>0x127</size>
         <input_file_ref idref="fl-9"/>
      </object_component>
      <object_component id="oc-201">
         <name>.debug_info</name>
         <load_address>0xad9c</load_address>
         <run_address>0xad9c</run_address>
         <size>0x12b</size>
         <input_file_ref idref="fl-c3"/>
      </object_component>
      <object_component id="oc-f4">
         <name>.debug_info</name>
         <load_address>0xaec7</load_address>
         <run_address>0xaec7</run_address>
         <size>0x12d</size>
         <input_file_ref idref="fl-c3"/>
      </object_component>
      <object_component id="oc-3a">
         <name>.debug_info</name>
         <load_address>0xaff4</load_address>
         <run_address>0xaff4</run_address>
         <size>0x11c</size>
         <input_file_ref idref="fl-c4"/>
      </object_component>
      <object_component id="oc-f0">
         <name>.debug_info</name>
         <load_address>0xb110</load_address>
         <run_address>0xb110</run_address>
         <size>0x131</size>
         <input_file_ref idref="fl-c5"/>
      </object_component>
      <object_component id="oc-8b">
         <name>.debug_info</name>
         <load_address>0xb241</load_address>
         <run_address>0xb241</run_address>
         <size>0x31e</size>
         <input_file_ref idref="fl-c6"/>
      </object_component>
      <object_component id="oc-45">
         <name>.debug_info</name>
         <load_address>0xb55f</load_address>
         <run_address>0xb55f</run_address>
         <size>0x1bf</size>
         <input_file_ref idref="fl-c6"/>
      </object_component>
      <object_component id="oc-86">
         <name>.debug_info</name>
         <load_address>0xb71e</load_address>
         <run_address>0xb71e</run_address>
         <size>0x46</size>
         <input_file_ref idref="fl-c6"/>
      </object_component>
      <object_component id="oc-43">
         <name>.debug_info</name>
         <load_address>0xb764</load_address>
         <run_address>0xb764</run_address>
         <size>0x2a8</size>
         <input_file_ref idref="fl-c7"/>
      </object_component>
      <object_component id="oc-1b">
         <name>.debug_info</name>
         <load_address>0xba0c</load_address>
         <run_address>0xba0c</run_address>
         <size>0x1ea</size>
         <input_file_ref idref="fl-c7"/>
      </object_component>
      <object_component id="oc-3e">
         <name>.debug_info</name>
         <load_address>0xbbf6</load_address>
         <run_address>0xbbf6</run_address>
         <size>0x46</size>
         <input_file_ref idref="fl-c7"/>
      </object_component>
      <object_component id="oc-7e">
         <name>.debug_info</name>
         <load_address>0xbc3c</load_address>
         <run_address>0xbc3c</run_address>
         <size>0x2c</size>
         <input_file_ref idref="fl-c7"/>
      </object_component>
      <object_component id="oc-7c">
         <name>.debug_info</name>
         <load_address>0xbc68</load_address>
         <run_address>0xbc68</run_address>
         <size>0x29e</size>
         <input_file_ref idref="fl-c8"/>
      </object_component>
      <object_component id="oc-16">
         <name>.debug_info</name>
         <load_address>0xbf06</load_address>
         <run_address>0xbf06</run_address>
         <size>0x250</size>
         <input_file_ref idref="fl-c8"/>
      </object_component>
      <object_component id="oc-2e">
         <name>.debug_info</name>
         <load_address>0xc156</load_address>
         <run_address>0xc156</run_address>
         <size>0x60</size>
         <input_file_ref idref="fl-c8"/>
      </object_component>
      <object_component id="oc-b6">
         <name>.debug_info</name>
         <load_address>0xc1b6</load_address>
         <run_address>0xc1b6</run_address>
         <size>0x46</size>
         <input_file_ref idref="fl-c8"/>
      </object_component>
      <object_component id="oc-77">
         <name>.debug_info</name>
         <load_address>0xc1fc</load_address>
         <run_address>0xc1fc</run_address>
         <size>0x39</size>
         <input_file_ref idref="fl-c8"/>
      </object_component>
      <object_component id="oc-22">
         <name>.debug_info</name>
         <load_address>0xc235</load_address>
         <run_address>0xc235</run_address>
         <size>0x10b</size>
         <input_file_ref idref="fl-c9"/>
      </object_component>
      <object_component id="oc-58">
         <name>.debug_info</name>
         <load_address>0xc340</load_address>
         <run_address>0xc340</run_address>
         <size>0x1af</size>
         <input_file_ref idref="fl-c9"/>
      </object_component>
      <object_component id="oc-100">
         <name>.debug_info</name>
         <load_address>0xc4ef</load_address>
         <run_address>0xc4ef</run_address>
         <size>0x122</size>
         <input_file_ref idref="fl-ca"/>
      </object_component>
      <object_component id="oc-252">
         <name>.debug_info</name>
         <load_address>0xc611</load_address>
         <run_address>0xc611</run_address>
         <size>0x2c9</size>
         <input_file_ref idref="fl-cb"/>
      </object_component>
      <object_component id="oc-1c2">
         <name>.debug_info</name>
         <load_address>0xc8da</load_address>
         <run_address>0xc8da</run_address>
         <size>0x11e</size>
         <input_file_ref idref="fl-cb"/>
      </object_component>
      <object_component id="oc-24e">
         <name>.debug_info</name>
         <load_address>0xc9f8</load_address>
         <run_address>0xc9f8</run_address>
         <size>0x12e</size>
         <input_file_ref idref="fl-cb"/>
      </object_component>
      <object_component id="oc-245">
         <name>.debug_info</name>
         <load_address>0xcb26</load_address>
         <run_address>0xcb26</run_address>
         <size>0x2b9</size>
         <input_file_ref idref="fl-cd"/>
      </object_component>
      <object_component id="oc-1a4">
         <name>.debug_info</name>
         <load_address>0xcddf</load_address>
         <run_address>0xcddf</run_address>
         <size>0x17c</size>
         <input_file_ref idref="fl-cd"/>
      </object_component>
      <object_component id="oc-2e6">
         <name>.debug_info</name>
         <load_address>0xcf5b</load_address>
         <run_address>0xcf5b</run_address>
         <size>0xf9</size>
         <input_file_ref idref="fl-ce"/>
      </object_component>
      <object_component id="oc-242">
         <name>.debug_info</name>
         <load_address>0xd054</load_address>
         <run_address>0xd054</run_address>
         <size>0x105</size>
         <input_file_ref idref="fl-ce"/>
      </object_component>
      <object_component id="oc-1ed">
         <name>.debug_info</name>
         <load_address>0xd159</load_address>
         <run_address>0xd159</run_address>
         <size>0xfb</size>
         <input_file_ref idref="fl-cf"/>
      </object_component>
      <object_component id="oc-162">
         <name>.debug_info</name>
         <load_address>0xd254</load_address>
         <run_address>0xd254</run_address>
         <size>0x13d</size>
         <input_file_ref idref="fl-cf"/>
      </object_component>
      <object_component id="oc-196">
         <name>.debug_info</name>
         <load_address>0xd391</load_address>
         <run_address>0xd391</run_address>
         <size>0x333</size>
         <input_file_ref idref="fl-d0"/>
      </object_component>
      <object_component id="oc-d9">
         <name>.debug_info</name>
         <load_address>0xd6c4</load_address>
         <run_address>0xd6c4</run_address>
         <size>0x1d1</size>
         <input_file_ref idref="fl-d0"/>
      </object_component>
      <object_component id="oc-18c">
         <name>.debug_info</name>
         <load_address>0xd895</load_address>
         <run_address>0xd895</run_address>
         <size>0x18d</size>
         <input_file_ref idref="fl-d0"/>
      </object_component>
      <object_component id="oc-191">
         <name>.debug_info</name>
         <load_address>0xda22</load_address>
         <run_address>0xda22</run_address>
         <size>0x16d</size>
         <input_file_ref idref="fl-d0"/>
      </object_component>
      <object_component id="oc-2d5">
         <name>.debug_info</name>
         <load_address>0xdb8f</load_address>
         <run_address>0xdb8f</run_address>
         <size>0x2c</size>
         <input_file_ref idref="fl-d0"/>
      </object_component>
      <object_component id="oc-1f7">
         <name>.debug_info</name>
         <load_address>0xdbbb</load_address>
         <run_address>0xdbbb</run_address>
         <size>0x2a4</size>
         <input_file_ref idref="fl-d1"/>
      </object_component>
      <object_component id="oc-179">
         <name>.debug_info</name>
         <load_address>0xde5f</load_address>
         <run_address>0xde5f</run_address>
         <size>0x26d</size>
         <input_file_ref idref="fl-d1"/>
      </object_component>
      <object_component id="oc-247">
         <name>.debug_info</name>
         <load_address>0xe0cc</load_address>
         <run_address>0xe0cc</run_address>
         <size>0x28a</size>
         <input_file_ref idref="fl-d2"/>
      </object_component>
      <object_component id="oc-1ab">
         <name>.debug_info</name>
         <load_address>0xe356</load_address>
         <run_address>0xe356</run_address>
         <size>0x279</size>
         <input_file_ref idref="fl-d2"/>
      </object_component>
      <object_component id="oc-1f1">
         <name>.debug_info</name>
         <load_address>0xe5cf</load_address>
         <run_address>0xe5cf</run_address>
         <size>0x2a4</size>
         <input_file_ref idref="fl-d3"/>
      </object_component>
      <object_component id="oc-168">
         <name>.debug_info</name>
         <load_address>0xe873</load_address>
         <run_address>0xe873</run_address>
         <size>0x252</size>
         <input_file_ref idref="fl-d3"/>
      </object_component>
      <object_component id="oc-1f3">
         <name>.debug_info</name>
         <load_address>0xeac5</load_address>
         <run_address>0xeac5</run_address>
         <size>0x28f</size>
         <input_file_ref idref="fl-d4"/>
      </object_component>
      <object_component id="oc-16e">
         <name>.debug_info</name>
         <load_address>0xed54</load_address>
         <run_address>0xed54</run_address>
         <size>0x24b</size>
         <input_file_ref idref="fl-d4"/>
      </object_component>
      <object_component id="oc-8f">
         <name>.debug_info</name>
         <load_address>0xef9f</load_address>
         <run_address>0xef9f</run_address>
         <size>0x14a</size>
         <input_file_ref idref="fl-d5"/>
      </object_component>
      <object_component id="oc-1c8">
         <name>.debug_info</name>
         <load_address>0xf0e9</load_address>
         <run_address>0xf0e9</run_address>
         <size>0x552</size>
         <input_file_ref idref="fl-d6"/>
      </object_component>
      <object_component id="oc-10a">
         <name>.debug_info</name>
         <load_address>0xf63b</load_address>
         <run_address>0xf63b</run_address>
         <size>0x1a6</size>
         <input_file_ref idref="fl-d6"/>
      </object_component>
      <object_component id="oc-258">
         <name>.debug_info</name>
         <load_address>0xf7e1</load_address>
         <run_address>0xf7e1</run_address>
         <size>0x39</size>
         <input_file_ref idref="fl-d6"/>
      </object_component>
      <object_component id="oc-2ee">
         <name>.debug_info</name>
         <load_address>0xf81a</load_address>
         <run_address>0xf81a</run_address>
         <size>0x39</size>
         <input_file_ref idref="fl-d6"/>
      </object_component>
      <object_component id="oc-25d">
         <name>.debug_info</name>
         <load_address>0xf853</load_address>
         <run_address>0xf853</run_address>
         <size>0x39</size>
         <input_file_ref idref="fl-d6"/>
      </object_component>
      <object_component id="oc-262">
         <name>.debug_info</name>
         <load_address>0xf88c</load_address>
         <run_address>0xf88c</run_address>
         <size>0xcd</size>
         <input_file_ref idref="fl-d6"/>
      </object_component>
      <object_component id="oc-93">
         <name>.debug_info</name>
         <load_address>0xf959</load_address>
         <run_address>0xf959</run_address>
         <size>0x153</size>
         <input_file_ref idref="fl-d7"/>
      </object_component>
      <object_component id="oc-230">
         <name>.debug_info</name>
         <load_address>0xfaac</load_address>
         <run_address>0xfaac</run_address>
         <size>0x8b1</size>
         <input_file_ref idref="fl-d9"/>
      </object_component>
      <object_component id="oc-1fc">
         <name>.debug_info</name>
         <load_address>0x1035d</load_address>
         <run_address>0x1035d</run_address>
         <size>0x21e</size>
         <input_file_ref idref="fl-d9"/>
      </object_component>
      <object_component id="oc-299">
         <name>.debug_info</name>
         <load_address>0x1057b</load_address>
         <run_address>0x1057b</run_address>
         <size>0x1b3</size>
         <input_file_ref idref="fl-d9"/>
      </object_component>
      <object_component id="oc-29f">
         <name>.debug_info</name>
         <load_address>0x1072e</load_address>
         <run_address>0x1072e</run_address>
         <size>0x21b</size>
         <input_file_ref idref="fl-d9"/>
      </object_component>
      <object_component id="oc-207">
         <name>.debug_info</name>
         <load_address>0x10949</load_address>
         <run_address>0x10949</run_address>
         <size>0x3bb</size>
         <input_file_ref idref="fl-d9"/>
      </object_component>
      <object_component id="oc-2a6">
         <name>.debug_info</name>
         <load_address>0x10d04</load_address>
         <run_address>0x10d04</run_address>
         <size>0x305</size>
         <input_file_ref idref="fl-d9"/>
      </object_component>
      <object_component id="oc-2ac">
         <name>.debug_info</name>
         <load_address>0x11009</load_address>
         <run_address>0x11009</run_address>
         <size>0x215</size>
         <input_file_ref idref="fl-d9"/>
      </object_component>
      <object_component id="oc-20d">
         <name>.debug_info</name>
         <load_address>0x1121e</load_address>
         <run_address>0x1121e</run_address>
         <size>0x215</size>
         <input_file_ref idref="fl-d9"/>
      </object_component>
      <object_component id="oc-213">
         <name>.debug_info</name>
         <load_address>0x11433</load_address>
         <run_address>0x11433</run_address>
         <size>0x304</size>
         <input_file_ref idref="fl-d9"/>
      </object_component>
      <object_component id="oc-219">
         <name>.debug_info</name>
         <load_address>0x11737</load_address>
         <run_address>0x11737</run_address>
         <size>0x4b0</size>
         <input_file_ref idref="fl-d9"/>
      </object_component>
      <object_component id="oc-185">
         <name>.debug_info</name>
         <load_address>0x11be7</load_address>
         <run_address>0x11be7</run_address>
         <size>0x5d8</size>
         <input_file_ref idref="fl-d9"/>
      </object_component>
      <object_component id="oc-231">
         <name>.debug_info</name>
         <load_address>0x121bf</load_address>
         <run_address>0x121bf</run_address>
         <size>0x86</size>
         <input_file_ref idref="fl-d9"/>
      </object_component>
      <object_component id="oc-2da">
         <name>.debug_info</name>
         <load_address>0x12245</load_address>
         <run_address>0x12245</run_address>
         <size>0x39</size>
         <input_file_ref idref="fl-d9"/>
      </object_component>
      <object_component id="oc-329">
         <name>.debug_info</name>
         <load_address>0x1227e</load_address>
         <run_address>0x1227e</run_address>
         <size>0xb6</size>
         <input_file_ref idref="fl-d9"/>
      </object_component>
      <object_component id="oc-2df">
         <name>.debug_info</name>
         <load_address>0x12334</load_address>
         <run_address>0x12334</run_address>
         <size>0x46</size>
         <input_file_ref idref="fl-d9"/>
      </object_component>
      <object_component id="oc-236">
         <name>.debug_info</name>
         <load_address>0x1237a</load_address>
         <run_address>0x1237a</run_address>
         <size>0x46</size>
         <input_file_ref idref="fl-d9"/>
      </object_component>
      <object_component id="oc-304">
         <name>.debug_info</name>
         <load_address>0x123c0</load_address>
         <run_address>0x123c0</run_address>
         <size>0x29b</size>
         <input_file_ref idref="fl-da"/>
      </object_component>
      <object_component id="oc-289">
         <name>.debug_info</name>
         <load_address>0x1265b</load_address>
         <run_address>0x1265b</run_address>
         <size>0x1cd</size>
         <input_file_ref idref="fl-da"/>
      </object_component>
      <object_component id="oc-2c6">
         <name>.debug_info</name>
         <load_address>0x12828</load_address>
         <run_address>0x12828</run_address>
         <size>0x296</size>
         <input_file_ref idref="fl-db"/>
      </object_component>
      <object_component id="oc-220">
         <name>.debug_info</name>
         <load_address>0x12abe</load_address>
         <run_address>0x12abe</run_address>
         <size>0x1b6</size>
         <input_file_ref idref="fl-db"/>
      </object_component>
      <object_component id="oc-31b">
         <name>.debug_info</name>
         <load_address>0x12c74</load_address>
         <run_address>0x12c74</run_address>
         <size>0x29a</size>
         <input_file_ref idref="fl-dc"/>
      </object_component>
      <object_component id="oc-2bf">
         <name>.debug_info</name>
         <load_address>0x12f0e</load_address>
         <run_address>0x12f0e</run_address>
         <size>0x268</size>
         <input_file_ref idref="fl-dc"/>
      </object_component>
      <object_component id="oc-2cd">
         <name>.debug_info</name>
         <load_address>0x13176</load_address>
         <run_address>0x13176</run_address>
         <size>0x28f</size>
         <input_file_ref idref="fl-dd"/>
      </object_component>
      <object_component id="oc-224">
         <name>.debug_info</name>
         <load_address>0x13405</load_address>
         <run_address>0x13405</run_address>
         <size>0x15a</size>
         <input_file_ref idref="fl-dd"/>
      </object_component>
      <object_component id="oc-31e">
         <name>.debug_info</name>
         <load_address>0x1355f</load_address>
         <run_address>0x1355f</run_address>
         <size>0x46</size>
         <input_file_ref idref="fl-dd"/>
      </object_component>
      <object_component id="oc-2c8">
         <name>.debug_info</name>
         <load_address>0x135a5</load_address>
         <run_address>0x135a5</run_address>
         <size>0x39</size>
         <input_file_ref idref="fl-dd"/>
      </object_component>
      <object_component id="oc-30c">
         <name>.debug_info</name>
         <load_address>0x135de</load_address>
         <run_address>0x135de</run_address>
         <size>0x29a</size>
         <input_file_ref idref="fl-de"/>
      </object_component>
      <object_component id="oc-2b3">
         <name>.debug_info</name>
         <load_address>0x13878</load_address>
         <run_address>0x13878</run_address>
         <size>0x195</size>
         <input_file_ref idref="fl-de"/>
      </object_component>
      <object_component id="oc-335">
         <name>.debug_info</name>
         <load_address>0x13a0d</load_address>
         <run_address>0x13a0d</run_address>
         <size>0x39</size>
         <input_file_ref idref="fl-de"/>
      </object_component>
      <object_component id="oc-30d">
         <name>.debug_info</name>
         <load_address>0x13a46</load_address>
         <run_address>0x13a46</run_address>
         <size>0x2c</size>
         <input_file_ref idref="fl-de"/>
      </object_component>
      <object_component id="oc-319">
         <name>.debug_info</name>
         <load_address>0x13a72</load_address>
         <run_address>0x13a72</run_address>
         <size>0x2fd</size>
         <input_file_ref idref="fl-df"/>
      </object_component>
      <object_component id="oc-2b9">
         <name>.debug_info</name>
         <load_address>0x13d6f</load_address>
         <run_address>0x13d6f</run_address>
         <size>0x225</size>
         <input_file_ref idref="fl-df"/>
      </object_component>
      <object_component id="oc-295">
         <name>.debug_info</name>
         <load_address>0x13f94</load_address>
         <run_address>0x13f94</run_address>
         <size>0x14f</size>
         <input_file_ref idref="fl-e0"/>
      </object_component>
      <object_component id="oc-27f">
         <name>.debug_info</name>
         <load_address>0x140e3</load_address>
         <run_address>0x140e3</run_address>
         <size>0x13d</size>
         <input_file_ref idref="fl-e1"/>
      </object_component>
      <object_component id="oc-279">
         <name>.debug_info</name>
         <load_address>0x14220</load_address>
         <run_address>0x14220</run_address>
         <size>0x13d</size>
         <input_file_ref idref="fl-e2"/>
      </object_component>
      <object_component id="oc-283">
         <name>.debug_info</name>
         <load_address>0x1435d</load_address>
         <run_address>0x1435d</run_address>
         <size>0x131</size>
         <input_file_ref idref="fl-e3"/>
      </object_component>
      <object_component id="oc-28e">
         <name>.debug_info</name>
         <load_address>0x1448e</load_address>
         <run_address>0x1448e</run_address>
         <size>0x12f</size>
         <input_file_ref idref="fl-e4"/>
      </object_component>
      <object_component id="oc-274">
         <name>.debug_info</name>
         <load_address>0x145bd</load_address>
         <run_address>0x145bd</run_address>
         <size>0x137</size>
         <input_file_ref idref="fl-e5"/>
      </object_component>
      <object_component id="oc-2d2">
         <name>.debug_info</name>
         <load_address>0x146f4</load_address>
         <run_address>0x146f4</run_address>
         <size>0x289</size>
         <input_file_ref idref="fl-e6"/>
      </object_component>
      <object_component id="oc-2cf">
         <name>.debug_info</name>
         <load_address>0x1497d</load_address>
         <run_address>0x1497d</run_address>
         <size>0x10e</size>
         <input_file_ref idref="fl-e6"/>
      </object_component>
      <object_component id="oc-22a">
         <name>.debug_info</name>
         <load_address>0x14a8b</load_address>
         <run_address>0x14a8b</run_address>
         <size>0x14e</size>
         <input_file_ref idref="fl-e6"/>
      </object_component>
      <object_component id="oc-313">
         <name>.debug_info</name>
         <load_address>0x14bd9</load_address>
         <run_address>0x14bd9</run_address>
         <size>0x161</size>
         <input_file_ref idref="fl-e7"/>
      </object_component>
      <object_component id="oc-2fb">
         <name>.debug_info</name>
         <load_address>0x14d3a</load_address>
         <run_address>0x14d3a</run_address>
         <size>0x118</size>
         <input_file_ref idref="fl-e8"/>
      </object_component>
      <object_component id="oc-36b">
         <name>.debug_info</name>
         <load_address>0x14e52</load_address>
         <run_address>0x14e52</run_address>
         <size>0xa6</size>
      </object_component>
      <object_component id="oc-13b">
         <name>.debug_line</name>
         <load_address>0x0</load_address>
         <run_address>0x0</run_address>
         <size>0xde</size>
         <input_file_ref idref="fl-2"/>
      </object_component>
      <object_component id="oc-1e5">
         <name>.debug_line</name>
         <load_address>0xde</load_address>
         <run_address>0xde</run_address>
         <size>0x2d</size>
         <input_file_ref idref="fl-2"/>
      </object_component>
      <object_component id="oc-1e3">
         <name>.debug_line</name>
         <load_address>0x10b</load_address>
         <run_address>0x10b</run_address>
         <size>0x2d</size>
         <input_file_ref idref="fl-2"/>
      </object_component>
      <object_component id="oc-1e7">
         <name>.debug_line</name>
         <load_address>0x138</load_address>
         <run_address>0x138</run_address>
         <size>0x2d</size>
         <input_file_ref idref="fl-2"/>
      </object_component>
      <object_component id="oc-1e9">
         <name>.debug_line</name>
         <load_address>0x165</load_address>
         <run_address>0x165</run_address>
         <size>0x2d</size>
         <input_file_ref idref="fl-2"/>
      </object_component>
      <object_component id="oc-1eb">
         <name>.debug_line</name>
         <load_address>0x192</load_address>
         <run_address>0x192</run_address>
         <size>0x2d</size>
         <input_file_ref idref="fl-2"/>
      </object_component>
      <object_component id="oc-1f5">
         <name>.debug_line</name>
         <load_address>0x1bf</load_address>
         <run_address>0x1bf</run_address>
         <size>0x2d</size>
         <input_file_ref idref="fl-2"/>
      </object_component>
      <object_component id="oc-d6">
         <name>.debug_line</name>
         <load_address>0x1ec</load_address>
         <run_address>0x1ec</run_address>
         <size>0xe37</size>
         <input_file_ref idref="fl-2"/>
      </object_component>
      <object_component id="oc-1b9">
         <name>.debug_line</name>
         <load_address>0x1023</load_address>
         <run_address>0x1023</run_address>
         <size>0x5c</size>
         <input_file_ref idref="fl-2"/>
      </object_component>
      <object_component id="oc-70">
         <name>.debug_line</name>
         <load_address>0x107f</load_address>
         <run_address>0x107f</run_address>
         <size>0x69</size>
         <input_file_ref idref="fl-2"/>
      </object_component>
      <object_component id="oc-144">
         <name>.debug_line</name>
         <load_address>0x10e8</load_address>
         <run_address>0x10e8</run_address>
         <size>0x2d</size>
         <input_file_ref idref="fl-2"/>
      </object_component>
      <object_component id="oc-b2">
         <name>.debug_line</name>
         <load_address>0x1115</load_address>
         <run_address>0x1115</run_address>
         <size>0x20</size>
         <input_file_ref idref="fl-2"/>
      </object_component>
      <object_component id="oc-ad">
         <name>.debug_line</name>
         <load_address>0x1135</load_address>
         <run_address>0x1135</run_address>
         <size>0x6d</size>
         <input_file_ref idref="fl-2"/>
      </object_component>
      <object_component id="oc-75">
         <name>.debug_line</name>
         <load_address>0x11a2</load_address>
         <run_address>0x11a2</run_address>
         <size>0x6a</size>
         <input_file_ref idref="fl-2"/>
      </object_component>
      <object_component id="oc-c0">
         <name>.debug_line</name>
         <load_address>0x120c</load_address>
         <run_address>0x120c</run_address>
         <size>0x65</size>
         <input_file_ref idref="fl-2"/>
      </object_component>
      <object_component id="oc-13f">
         <name>.debug_line</name>
         <load_address>0x1271</load_address>
         <run_address>0x1271</run_address>
         <size>0x2d</size>
         <input_file_ref idref="fl-2"/>
      </object_component>
      <object_component id="oc-1bc">
         <name>.debug_line</name>
         <load_address>0x129e</load_address>
         <run_address>0x129e</run_address>
         <size>0xa7</size>
         <input_file_ref idref="fl-3"/>
      </object_component>
      <object_component id="oc-1b5">
         <name>.debug_line</name>
         <load_address>0x1345</load_address>
         <run_address>0x1345</run_address>
         <size>0x31</size>
         <input_file_ref idref="fl-3"/>
      </object_component>
      <object_component id="oc-19d">
         <name>.debug_line</name>
         <load_address>0x1376</load_address>
         <run_address>0x1376</run_address>
         <size>0x31</size>
         <input_file_ref idref="fl-3"/>
      </object_component>
      <object_component id="oc-9c">
         <name>.debug_line</name>
         <load_address>0x13a7</load_address>
         <run_address>0x13a7</run_address>
         <size>0x216</size>
         <input_file_ref idref="fl-3"/>
      </object_component>
      <object_component id="oc-19a">
         <name>.debug_line</name>
         <load_address>0x15bd</load_address>
         <run_address>0x15bd</run_address>
         <size>0x65</size>
         <input_file_ref idref="fl-3"/>
      </object_component>
      <object_component id="oc-1de">
         <name>.debug_line</name>
         <load_address>0x1622</load_address>
         <run_address>0x1622</run_address>
         <size>0x20</size>
         <input_file_ref idref="fl-4"/>
      </object_component>
      <object_component id="oc-c8">
         <name>.debug_line</name>
         <load_address>0x1642</load_address>
         <run_address>0x1642</run_address>
         <size>0x39a</size>
         <input_file_ref idref="fl-4"/>
      </object_component>
      <object_component id="oc-1f9">
         <name>.debug_line</name>
         <load_address>0x19dc</load_address>
         <run_address>0x19dc</run_address>
         <size>0x102</size>
         <input_file_ref idref="fl-5"/>
      </object_component>
      <object_component id="oc-240">
         <name>.debug_line</name>
         <load_address>0x1ade</load_address>
         <run_address>0x1ade</run_address>
         <size>0x2e</size>
         <input_file_ref idref="fl-5"/>
      </object_component>
      <object_component id="oc-ec">
         <name>.debug_line</name>
         <load_address>0x1b0c</load_address>
         <run_address>0x1b0c</run_address>
         <size>0x20e</size>
         <input_file_ref idref="fl-5"/>
      </object_component>
      <object_component id="oc-36">
         <name>.debug_line</name>
         <load_address>0x1d1a</load_address>
         <run_address>0x1d1a</run_address>
         <size>0x20</size>
         <input_file_ref idref="fl-5"/>
      </object_component>
      <object_component id="oc-14f">
         <name>.debug_line</name>
         <load_address>0x1d3a</load_address>
         <run_address>0x1d3a</run_address>
         <size>0xdd</size>
         <input_file_ref idref="fl-6"/>
      </object_component>
      <object_component id="oc-6c">
         <name>.debug_line</name>
         <load_address>0x1e17</load_address>
         <run_address>0x1e17</run_address>
         <size>0x41</size>
         <input_file_ref idref="fl-7"/>
      </object_component>
      <object_component id="oc-2b">
         <name>.debug_line</name>
         <load_address>0x1e58</load_address>
         <run_address>0x1e58</run_address>
         <size>0x41</size>
         <input_file_ref idref="fl-7"/>
      </object_component>
      <object_component id="oc-28">
         <name>.debug_line</name>
         <load_address>0x1e99</load_address>
         <run_address>0x1e99</run_address>
         <size>0xa1</size>
         <input_file_ref idref="fl-7"/>
      </object_component>
      <object_component id="oc-1e0">
         <name>.debug_line</name>
         <load_address>0x1f3a</load_address>
         <run_address>0x1f3a</run_address>
         <size>0x20</size>
         <input_file_ref idref="fl-8"/>
      </object_component>
      <object_component id="oc-d1">
         <name>.debug_line</name>
         <load_address>0x1f5a</load_address>
         <run_address>0x1f5a</run_address>
         <size>0xec</size>
         <input_file_ref idref="fl-8"/>
      </object_component>
      <object_component id="oc-e5">
         <name>.debug_line</name>
         <load_address>0x2046</load_address>
         <run_address>0x2046</run_address>
         <size>0x52</size>
         <input_file_ref idref="fl-9"/>
      </object_component>
      <object_component id="oc-204">
         <name>.debug_line</name>
         <load_address>0x2098</load_address>
         <run_address>0x2098</run_address>
         <size>0x77</size>
         <input_file_ref idref="fl-c3"/>
      </object_component>
      <object_component id="oc-f6">
         <name>.debug_line</name>
         <load_address>0x210f</load_address>
         <run_address>0x210f</run_address>
         <size>0x77</size>
         <input_file_ref idref="fl-c3"/>
      </object_component>
      <object_component id="oc-3c">
         <name>.debug_line</name>
         <load_address>0x2186</load_address>
         <run_address>0x2186</run_address>
         <size>0x88</size>
         <input_file_ref idref="fl-c4"/>
      </object_component>
      <object_component id="oc-ef">
         <name>.debug_line</name>
         <load_address>0x220e</load_address>
         <run_address>0x220e</run_address>
         <size>0x4c</size>
         <input_file_ref idref="fl-c5"/>
      </object_component>
      <object_component id="oc-c3">
         <name>.debug_line</name>
         <load_address>0x225a</load_address>
         <run_address>0x225a</run_address>
         <size>0xa9</size>
         <input_file_ref idref="fl-c6"/>
      </object_component>
      <object_component id="oc-48">
         <name>.debug_line</name>
         <load_address>0x2303</load_address>
         <run_address>0x2303</run_address>
         <size>0x4f</size>
         <input_file_ref idref="fl-c6"/>
      </object_component>
      <object_component id="oc-89">
         <name>.debug_line</name>
         <load_address>0x2352</load_address>
         <run_address>0x2352</run_address>
         <size>0x34</size>
         <input_file_ref idref="fl-c6"/>
      </object_component>
      <object_component id="oc-84">
         <name>.debug_line</name>
         <load_address>0x2386</load_address>
         <run_address>0x2386</run_address>
         <size>0x20</size>
         <input_file_ref idref="fl-c7"/>
      </object_component>
      <object_component id="oc-1a">
         <name>.debug_line</name>
         <load_address>0x23a6</load_address>
         <run_address>0x23a6</run_address>
         <size>0x55</size>
         <input_file_ref idref="fl-c7"/>
      </object_component>
      <object_component id="oc-41">
         <name>.debug_line</name>
         <load_address>0x23fb</load_address>
         <run_address>0x23fb</run_address>
         <size>0x3a</size>
         <input_file_ref idref="fl-c7"/>
      </object_component>
      <object_component id="oc-81">
         <name>.debug_line</name>
         <load_address>0x2435</load_address>
         <run_address>0x2435</run_address>
         <size>0x95</size>
         <input_file_ref idref="fl-c7"/>
      </object_component>
      <object_component id="oc-bc">
         <name>.debug_line</name>
         <load_address>0x24ca</load_address>
         <run_address>0x24ca</run_address>
         <size>0x20</size>
         <input_file_ref idref="fl-c8"/>
      </object_component>
      <object_component id="oc-13">
         <name>.debug_line</name>
         <load_address>0x24ea</load_address>
         <run_address>0x24ea</run_address>
         <size>0xa9</size>
         <input_file_ref idref="fl-c8"/>
      </object_component>
      <object_component id="oc-31">
         <name>.debug_line</name>
         <load_address>0x2593</load_address>
         <run_address>0x2593</run_address>
         <size>0x3a</size>
         <input_file_ref idref="fl-c8"/>
      </object_component>
      <object_component id="oc-b9">
         <name>.debug_line</name>
         <load_address>0x25cd</load_address>
         <run_address>0x25cd</run_address>
         <size>0x9d</size>
         <input_file_ref idref="fl-c8"/>
      </object_component>
      <object_component id="oc-7a">
         <name>.debug_line</name>
         <load_address>0x266a</load_address>
         <run_address>0x266a</run_address>
         <size>0x99</size>
         <input_file_ref idref="fl-c8"/>
      </object_component>
      <object_component id="oc-69">
         <name>.debug_line</name>
         <load_address>0x2703</load_address>
         <run_address>0x2703</run_address>
         <size>0x33</size>
         <input_file_ref idref="fl-c9"/>
      </object_component>
      <object_component id="oc-57">
         <name>.debug_line</name>
         <load_address>0x2736</load_address>
         <run_address>0x2736</run_address>
         <size>0x56</size>
         <input_file_ref idref="fl-c9"/>
      </object_component>
      <object_component id="oc-fd">
         <name>.debug_line</name>
         <load_address>0x278c</load_address>
         <run_address>0x278c</run_address>
         <size>0x3c</size>
         <input_file_ref idref="fl-ca"/>
      </object_component>
      <object_component id="oc-2ed">
[...]
         <value>0x791</value>
         <object_component_ref idref="oc-d2"/>
      </symbol>
      <symbol id="sm-20b">
         <name>isEtherPushACK</name>
         <value>0xbd7</value>
         <object_component_ref idref="oc-d2"/>
      </symbol>
      <symbol id="sm-20c">
         <name>isEtherMqttPingResponse</name>
         <value>0x2515</value>
         <object_component_ref idref="oc-d2"/>
      </symbol>
      <symbol id="sm-20d">
         <name>isEtherMqttPublish</name>
         <value>0xb91</value>
         <object_component_ref idref="oc-d2"/>
      </symbol>
      <symbol id="sm-20e">
         <name>sequenceId</name>
         <value>0x200020e4</value>
         <object_component_ref idref="oc-153"/>
      </symbol>
      <symbol id="sm-294">
         <name>timerCounter</name>
         <value>0x200020cc</value>
         <object_component_ref idref="oc-f7"/>
      </symbol>
      <symbol id="sm-295">
         <name>initHw</name>
         <value>0x3cf5</value>
         <object_component_ref idref="oc-98"/>
      </symbol>
      <symbol id="sm-296">
         <name>publishFlag</name>
         <value>0x200020c8</value>
         <object_component_ref idref="oc-f7"/>
      </symbol>
      <symbol id="sm-297">
         <name>displayConnectionInfo</name>
         <value>0x3d6b</value>
         <object_component_ref idref="oc-98"/>
      </symbol>
      <symbol id="sm-298">
         <name>connectFlag</name>
         <value>0x200020d0</value>
         <object_component_ref idref="oc-f7"/>
      </symbol>
      <symbol id="sm-299">
         <name>main</name>
         <value>0x4035</value>
         <object_component_ref idref="oc-98"/>
      </symbol>
      <symbol id="sm-29a">
         <name>subscribeFlag</name>
         <value>0x200020c9</value>
         <object_component_ref idref="oc-f7"/>
      </symbol>
      <symbol id="sm-29b">
         <name>NextState</name>
         <value>0x200020d1</value>
         <object_component_ref idref="oc-f7"/>
      </symbol>
      <symbol id="sm-30f">
         <name>selectPinInterruptBothEdges</name>
         <value>0x3a77</value>
         <object_component_ref idref="oc-c6"/>
      </symbol>
      <symbol id="sm-310">
         <name>getPortValue</name>
         <value>0x3c65</value>
         <object_component_ref idref="oc-c6"/>
      </symbol>
      <symbol id="sm-311">
         <name>selectPinAnalogInput</name>
         <value>0x375b</value>
         <object_component_ref idref="oc-c6"/>
      </symbol>
      <symbol id="sm-312">
         <name>selectPinPushPullOutput</name>
         <value>0x3671</value>
         <object_component_ref idref="oc-c6"/>
      </symbol>
      <symbol id="sm-313">
         <name>selectPinInterruptHighLevel</name>
         <value>0x3acd</value>
         <object_component_ref idref="oc-c6"/>
      </symbol>
      <symbol id="sm-314">
         <name>selectPinInterruptFallingEdge</name>
         <value>0x3a27</value>
         <object_component_ref idref="oc-c6"/>
      </symbol>
      <symbol id="sm-315">
         <name>selectPinOpenDrainOutput</name>
         <value>0x36bf</value>
         <object_component_ref idref="oc-c6"/>
      </symbol>
      <symbol id="sm-316">
         <name>selectPinInterruptLowLevel</name>
         <value>0x3b07</value>
         <object_component_ref idref="oc-c6"/>
      </symbol>
      <symbol id="sm-317">
         <name>setPortValue</name>
         <value>0x3be1</value>
         <object_component_ref idref="oc-c6"/>
      </symbol>
      <symbol id="sm-318">
         <name>enablePinInterrupt</name>
         <value>0x3b41</value>
         <object_component_ref idref="oc-c6"/>
      </symbol>
      <symbol id="sm-319">
         <name>setPinAuxFunction</name>
         <value>0x38c5</value>
         <object_component_ref idref="oc-c6"/>
      </symbol>
      <symbol id="sm-31a">
         <name>enablePort</name>
         <value>0x3535</value>
         <object_component_ref idref="oc-c6"/>
      </symbol>
      <symbol id="sm-31b">
         <name>disablePinPulldown</name>
         <value>0x389d</value>
         <object_component_ref idref="oc-c6"/>
      </symbol>
      <symbol id="sm-31c">
         <name>setPinCommitControl</name>
         <value>0x37ab</value>
         <object_component_ref idref="oc-c6"/>
      </symbol>
      <symbol id="sm-31d">
         <name>disablePort</name>
         <value>0x35f1</value>
         <object_component_ref idref="oc-c6"/>
      </symbol>
      <symbol id="sm-31e">
         <name>disablePinInterrupt</name>
         <value>0x3b65</value>
         <object_component_ref idref="oc-c6"/>
      </symbol>
      <symbol id="sm-31f">
         <name>enablePinPullup</name>
         <value>0x3827</value>
         <object_component_ref idref="oc-c6"/>
      </symbol>
      <symbol id="sm-320">
         <name>getPinValue</name>
         <value>0x3baf</value>
         <object_component_ref idref="oc-c6"/>
      </symbol>
      <symbol id="sm-321">
         <name>enablePinPulldown</name>
         <value>0x3879</value>
         <object_component_ref idref="oc-c6"/>
      </symbol>
      <symbol id="sm-322">
         <name>disablePinPullup</name>
         <value>0x3855</value>
         <object_component_ref idref="oc-c6"/>
      </symbol>
      <symbol id="sm-323">
         <name>selectPinDigitalInput</name>
         <value>0x370d</value>
         <object_component_ref idref="oc-c6"/>
      </symbol>
      <symbol id="sm-324">
         <name>selectPinInterruptRisingEdge</name>
         <value>0x39d7</value>
         <object_component_ref idref="oc-c6"/>
      </symbol>
      <symbol id="sm-325">
         <name>setPinValue</name>
         <value>0x3b89</value>
         <object_component_ref idref="oc-c6"/>
      </symbol>
      <symbol id="sm-398">
         <name>str</name>
         <value>0x20002000</value>
      </symbol>
      <symbol id="sm-399">
         <name>str1</name>
         <value>0x20002054</value>
      </symbol>
      <symbol id="sm-39a">
         <name>str2</name>
         <value>0x20002074</value>
      </symbol>
      <symbol id="sm-39b">
         <name>str3</name>
         <value>0x20002094</value>
      </symbol>
      <symbol id="sm-39c">
         <name>pos</name>
         <value>0x200020b4</value>
      </symbol>
      <symbol id="sm-39d">
         <name>clientId</name>
         <value>0x200020bc</value>
      </symbol>
      <symbol id="sm-39e">
         <name>isCommand</name>
         <value>0x476d</value>
         <object_component_ref idref="oc-e7"/>
      </symbol>
      <symbol id="sm-39f">
         <name>argCount</name>
         <value>0x200020d3</value>
         <object_component_ref idref="oc-19f"/>
      </symbol>
      <symbol id="sm-3a0">
         <name>posArg</name>
         <value>0x4415</value>
         <object_component_ref idref="oc-e7"/>
      </symbol>
      <symbol id="sm-3a1">
         <name>shell</name>
         <value>0x4867</value>
         <object_component_ref idref="oc-e7"/>
      </symbol>
      <symbol id="sm-3a2">
         <name>parseString</name>
         <value>0x44d3</value>
         <object_component_ref idref="oc-e7"/>
      </symbol>
      <symbol id="sm-3a3">
         <name>getIpFromStr</name>
         <value>0x46a5</value>
         <object_component_ref idref="oc-e7"/>
      </symbol>
      <symbol id="sm-3a4">
         <name>getString</name>
         <value>0x45fb</value>
         <object_component_ref idref="oc-e7"/>
      </symbol>
      <symbol id="sm-3a5">
         <name>count</name>
         <value>0x200020d2</value>
         <object_component_ref idref="oc-19f"/>
      </symbol>
      <symbol id="sm-3c1">
         <name>setSpi0Mode</name>
         <value>0x5183</value>
         <object_component_ref idref="oc-14a"/>
      </symbol>
      <symbol id="sm-3c2">
         <name>readSpi0Data</name>
         <value>0x51e9</value>
         <object_component_ref idref="oc-14a"/>
      </symbol>
      <symbol id="sm-3c3">
         <name>writeSpi0Data</name>
         <value>0x51d1</value>
         <object_component_ref idref="oc-14a"/>
      </symbol>
      <symbol id="sm-3c4">
         <name>initSpi0</name>
         <value>0x50b1</value>
         <object_component_ref idref="oc-14a"/>
      </symbol>
      <symbol id="sm-3c5">
         <name>setSpi0BaudRate</name>
         <value>0x514d</value>
         <object_component_ref idref="oc-14a"/>
      </symbol>
      <symbol id="sm-3e1">
         <name>ResetISR</name>
         <value>0x6079</value>
         <object_component_ref idref="oc-24"/>
      </symbol>
      <symbol id="sm-3e2">
         <name>g_pfnVectors</name>
         <value>0x0</value>
         <object_component_ref idref="oc-f"/>
      </symbol>
      <symbol id="sm-40d">
         <name>getcUart0</name>
         <value>0x503d</value>
         <object_component_ref idref="oc-cc"/>
      </symbol>
      <symbol id="sm-40e">
         <name>kbhitUart0</name>
         <value>0x5051</value>
         <object_component_ref idref="oc-cc"/>
      </symbol>
      <symbol id="sm-40f">
         <name>setUart0BaudRate</name>
         <value>0x4fc9</value>
         <object_component_ref idref="oc-cc"/>
      </symbol>
      <symbol id="sm-410">
         <name>putsUart0</name>
         <value>0x5011</value>
         <object_component_ref idref="oc-cc"/>
      </symbol>
      <symbol id="sm-411">
         <name>initUart0</name>
         <value>0x4f35</value>
         <object_component_ref idref="oc-cc"/>
      </symbol>
      <symbol id="sm-412">
         <name>putcUart0</name>
         <value>0x4ff5</value>
         <object_component_ref idref="oc-cc"/>
      </symbol>
      <symbol id="sm-420">
         <name>waitMicrosecond</name>
         <value>0x5f47</value>
         <object_component_ref idref="oc-e1"/>
      </symbol>
      <symbol id="sm-442">
         <name>__aeabi_cdcmpeq</name>
         <value>0x5999</value>
         <object_component_ref idref="oc-200"/>
      </symbol>
      <symbol id="sm-443">
         <name>__aeabi_cdcmple</name>
         <value>0x5999</value>
         <object_component_ref idref="oc-200"/>
      </symbol>
      <symbol id="sm-444">
         <name>__aeabi_cdrcmple</name>
         <value>0x5a1f</value>
         <object_component_ref idref="oc-f2"/>
      </symbol>
      <symbol id="sm-45f">
         <name>memcpy</name>
         <value>0x5867</value>
         <object_component_ref idref="oc-38"/>
      </symbol>
      <symbol id="sm-460">
         <name>__aeabi_memcpy</name>
         <value>0x5867</value>
         <object_component_ref idref="oc-38"/>
      </symbol>
      <symbol id="sm-461">
         <name>__aeabi_memcpy8</name>
         <value>0x5867</value>
         <object_component_ref idref="oc-38"/>
      </symbol>
      <symbol id="sm-462">
         <name>__aeabi_memcpy4</name>
         <value>0x5867</value>
         <object_component_ref idref="oc-38"/>
      </symbol>
      <symbol id="sm-46c">
         <name>__aeabi_ui2d</name>
         <value>0x5f6b</value>
         <object_component_ref idref="oc-ed"/>
      </symbol>
      <symbol id="sm-480">
         <name>__TI_zero_init_nomemset</name>
         <value>0x6047</value>
         <object_component_ref idref="oc-44"/>
      </symbol>
      <symbol id="sm-497">
         <name>__TI_decompress_none</name>
         <value>0x606b</value>
         <object_component_ref idref="oc-18"/>
      </symbol>
      <symbol id="sm-4ba">
         <name>__TI_decompress_lzss</name>
         <value>0x5b8d</value>
         <object_component_ref idref="oc-12"/>
      </symbol>
      <symbol id="sm-4cd">
         <name>__stack</name>
         <value>0x20000000</value>
         <object_component_ref idref="oc-21"/>
      </symbol>
      <symbol id="sm-4ce">
         <name>_c_int00_noargs</name>
         <value>0x5ead</value>
         <object_component_ref idref="oc-56"/>
      </symbol>
      <symbol id="sm-4d9">
         <name>C$$EXIT</name>
         <value>0x609d</value>
         <object_component_ref idref="oc-fc"/>
      </symbol>
      <symbol id="sm-4da">
         <name>abort</name>
         <value>0x609d</value>
         <object_component_ref idref="oc-fc"/>
      </symbol>
      <symbol id="sm-4ef">
         <name>_nop</name>
         <value>0x3533</value>
         <object_component_ref idref="oc-24a"/>
      </symbol>
      <symbol id="sm-4f0">
         <name>_lock</name>
         <value>0x200020d4</value>
         <object_component_ref idref="oc-1c1"/>
      </symbol>
      <symbol id="sm-4f1">
         <name>_unlock</name>
         <value>0x200020d8</value>
         <object_component_ref idref="oc-1c1"/>
      </symbol>
      <symbol id="sm-508">
         <name>atoi</name>
         <value>0x5d55</value>
         <object_component_ref idref="oc-1a3"/>
      </symbol>
      <symbol id="sm-513">
         <name>_ctypes_</name>
         <value>0x60a0</value>
         <object_component_ref idref="oc-241"/>
      </symbol>
      <symbol id="sm-529">
         <name>rand</name>
         <value>0x5ee5</value>
         <object_component_ref idref="oc-160"/>
      </symbol>
      <symbol id="sm-550">
         <name>sprintf</name>
         <value>0x5e2d</value>
         <object_component_ref idref="oc-d8"/>
      </symbol>
      <symbol id="sm-560">
         <name>strcat</name>
         <value>0x5f8b</value>
         <object_component_ref idref="oc-176"/>
      </symbol>
      <symbol id="sm-56f">
         <name>strcmp</name>
         <value>0x5fdd</value>
         <object_component_ref idref="oc-1a9"/>
      </symbol>
      <symbol id="sm-57d">
         <name>strcpy</name>
         <value>0x601f</value>
         <object_component_ref idref="oc-167"/>
      </symbol>
      <symbol id="sm-58b">
         <name>strlen</name>
         <value>0x6033</value>
         <object_component_ref idref="oc-16d"/>
      </symbol>
      <symbol id="sm-59a">
         <name>__aeabi_memset</name>
         <value>0x5aa7</value>
         <object_component_ref idref="oc-8c"/>
      </symbol>
      <symbol id="sm-59b">
         <name>memset</name>
         <value>0x5aad</value>
         <object_component_ref idref="oc-8c"/>
      </symbol>
      <symbol id="sm-59c">
         <name>__aeabi_memset8</name>
         <value>0x5aa7</value>
         <object_component_ref idref="oc-8c"/>
      </symbol>
      <symbol id="sm-59d">
         <name>__aeabi_memset4</name>
         <value>0x5aa7</value>
         <object_component_ref idref="oc-8c"/>
      </symbol>
      <symbol id="sm-59e">
         <name>__aeabi_memclr8</name>
         <value>0x5aa5</value>
         <object_component_ref idref="oc-8c"/>
      </symbol>
      <symbol id="sm-59f">
         <name>__aeabi_memclr4</name>
         <value>0x5aa5</value>
         <object_component_ref idref="oc-8c"/>
      </symbol>
      <symbol id="sm-5a0">
         <name>__aeabi_memclr</name>
         <value>0x5aa5</value>
         <object_component_ref idref="oc-8c"/>
      </symbol>
      <symbol id="sm-5c8">
         <name>__TI_auto_init_nobinit_nopinit</name>
         <value>0x5de9</value>
         <object_component_ref idref="oc-108"/>
      </symbol>
      <symbol id="sm-5d2">
         <name>_system_pre_init</name>
         <value>0x6099</value>
         <object_component_ref idref="oc-92"/>
      </symbol>
      <symbol id="sm-738">
         <name>__TI_printfi</name>
         <value>0x2ad5</value>
         <object_component_ref idref="oc-183"/>
      </symbol>
      <symbol id="sm-747">
         <name>ltoa</name>
         <value>0x5caf</value>
         <object_component_ref idref="oc-287"/>
      </symbol>
      <symbol id="sm-757">
         <name>memccpy</name>
         <value>0x5fa9</value>
         <object_component_ref idref="oc-21d"/>
      </symbol>
      <symbol id="sm-767">
         <name>strchr</name>
         <value>0x5ff5</value>
         <object_component_ref idref="oc-2be"/>
      </symbol>
      <symbol id="sm-780">
         <name>wcslen</name>
         <value>0x6059</value>
         <object_component_ref idref="oc-223"/>
      </symbol>
      <symbol id="sm-7a0">
         <name>frexpl</name>
         <value>0x5bf5</value>
         <object_component_ref idref="oc-2b2"/>
      </symbol>
      <symbol id="sm-7a1">
         <name>frexp</name>
         <value>0x5bf5</value>
         <object_component_ref idref="oc-2b2"/>
      </symbol>
      <symbol id="sm-7be">
         <name>scalbn</name>
         <value>0x55a9</value>
         <object_component_ref idref="oc-2b8"/>
      </symbol>
      <symbol id="sm-7bf">
         <name>scalbnl</name>
         <value>0x55a9</value>
         <object_component_ref idref="oc-2b8"/>
      </symbol>
      <symbol id="sm-7c0">
         <name>ldexpl</name>
         <value>0x55a9</value>
         <object_component_ref idref="oc-2b8"/>
      </symbol>
      <symbol id="sm-7c1">
         <name>ldexp</name>
         <value>0x55a9</value>
         <object_component_ref idref="oc-2b8"/>
      </symbol>
      <symbol id="sm-7d8">
         <name>__aeabi_dsub</name>
         <value>0x4d7d</value>
         <object_component_ref idref="oc-292"/>
      </symbol>
      <symbol id="sm-7d9">
         <name>__aeabi_dadd</name>
         <value>0x4d87</value>
         <object_component_ref idref="oc-292"/>
      </symbol>
      <symbol id="sm-7ed">
         <name>__aeabi_ddiv</name>
         <value>0x534d</value>
         <object_component_ref idref="oc-27d"/>
      </symbol>
      <symbol id="sm-7f8">
         <name>__aeabi_dmul</name>
         <value>0x56b9</value>
         <object_component_ref idref="oc-278"/>
      </symbol>
      <symbol id="sm-802">
         <name>__aeabi_d2iz</name>
         <value>0x5da1</value>
         <object_component_ref idref="oc-282"/>
      </symbol>
      <symbol id="sm-80c">
         <name>__aeabi_i2d</name>
         <value>0x5f19</value>
         <object_component_ref idref="oc-28d"/>
      </symbol>
      <symbol id="sm-819">
         <name>__aeabi_uldivmod</name>
         <value>0x5903</value>
         <object_component_ref idref="oc-271"/>
      </symbol>
      <symbol id="sm-82f">
         <name>__aeabi_errno_addr</name>
         <value>0x6091</value>
         <object_component_ref idref="oc-229"/>
      </symbol>
      <symbol id="sm-830">
         <name>errno</name>
         <value>0x200020f4</value>
         <object_component_ref idref="oc-2ce"/>
      </symbol>
      <symbol id="sm-83a">
         <name>copysign</name>
         <value>0x600b</value>
         <object_component_ref idref="oc-312"/>
      </symbol>
      <symbol id="sm-83b">
         <name>copysignl</name>
         <value>0x600b</value>
         <object_component_ref idref="oc-312"/>
      </symbol>
      <symbol id="sm-845">
         <name>__aeabi_idiv0</name>
         <value>0x4f33</value>
         <object_component_ref idref="oc-2fa"/>
      </symbol>
      <symbol id="sm-846">
         <name>__aeabi_ldiv0</name>
         <value>0x4f33</value>
         <object_component_ref idref="oc-2fa"/>
      </symbol>
      <symbol id="sm-847">
         <name>__TI_static_base__</name>
         <value>0x0</value>
      </symbol>
      <symbol id="sm-84a">
         <name>__mpu_init</name>
         <value>0x0</value>
      </symbol>
      <symbol id="sm-84b">
         <name>_system_post_cinit</name>
         <value>0x0</value>
      </symbol>
   </symbol_table>
   <title>Link successful</title>
</link_info>
